// Jest Snapshot v1, https://goo.gl/fbAQLP

exports[`<StepsContainer><StepItem/></StepsContainer> Snapshot 1`] = `
<div
  class="steps-container"
  data-testid="steps-container"
  role="list"
>
  <div
    class="step-item is-done is-next-done"
    data-testid="step-item"
    role="listitem"
  >
    <span
      class="step-item__icon"
    >
      <span>
        <img
          alt="step done"
          src="step-icon.png"
        />
        <span
          class="step-item__index"
        >
          1
        </span>
      </span>
    </span>
    <div
      class="step-item__title"
    >
      Draft
    </div>
    <div
      class="step-item__status"
    >
      <div
        class="step-item__status-name"
      >
        Created on
      </div>
      <div
        class="step-item__status-date"
      >
        01/31/2020
      </div>
    </div>
  </div>
  <div
    class="step-item is-done is-next-done"
    data-testid="step-item"
    role="listitem"
  >
    <span
      class="step-item__icon"
    >
      <span>
        <img
          alt="step done"
          src="step-icon.png"
        />
        <span
          class="step-item__index"
        >
          2
        </span>
      </span>
    </span>
    <div
      class="step-item__title"
    >
      Pending Approval
    </div>
    <div
      class="step-item__status"
    >
      <div
        class="step-item__status-name"
      >
        Approval sent
      </div>
      <div
        class="step-item__status-date"
      >
        02/14/2020
      </div>
    </div>
  </div>
  <div
    class="step-item is-done is-next-done"
    data-testid="step-item"
    role="listitem"
  >
    <span
      class="step-item__icon"
    >
      <span>
        <img
          alt="step done"
          src="step-icon.png"
        />
        <span
          class="step-item__index"
        >
          3
        </span>
      </span>
    </span>
    <div
      class="step-item__title"
    >
      Approved
    </div>
    <div
      class="step-item__status"
    >
      <div
        class="step-item__status-name"
      >
        Abandoned on
      </div>
      <div
        class="step-item__status-date"
      >
        02/20/2020
      </div>
    </div>
  </div>
  <div
    class="step-item is-done is-next-done"
    data-testid="step-item"
    role="listitem"
  >
    <span
      class="step-item__icon"
    >
      <span>
        <img
          alt="step done"
          src="step-icon.png"
        />
        <span
          class="step-item__index"
        >
          4
        </span>
      </span>
    </span>
    <div
      class="step-item__title"
    >
      Execute
    </div>
    <div
      class="step-item__status"
    />
  </div>
  <div
    class="step-item is-done is-next-done"
    data-testid="step-item"
    role="listitem"
  >
    <span
      class="step-item__icon"
    >
      <span>
        <img
          alt="step done"
          src="step-icon.png"
        />
        <span
          class="step-item__index"
        >
          5
        </span>
      </span>
    </span>
    <div
      class="step-item__title"
    >
      Concluded
    </div>
    <div
      class="step-item__status"
    />
  </div>
  <div
    class="step-item is-done "
    data-testid="step-item"
    role="listitem"
  >
    <span
      class="step-item__icon"
    >
      <span>
        <img
          alt="step done"
          src="step-icon.png"
        />
        <span
          class="step-item__index"
        >
          6
        </span>
      </span>
    </span>
    <div
      class="step-item__title"
    >
      Closed
    </div>
    <div
      class="step-item__status"
    />
  </div>
</div>
`;
